#-----------------------------------------------------------
# Vivado v2019.2 (64-bit)
# SW Build 2708876 on Wed Nov  6 21:40:23 MST 2019
# IP Build 2700528 on Thu Nov  7 00:09:20 MST 2019
# Start of session at: Mon Jul 20 11:24:45 2020
# Process ID: 17068
# Current directory: C:/Users/monke/Documents/GitHub/ReconHardware/PynqSoftware/dynamicMulti
# Command line: vivado.exe -gui_launcher_event rodinguilauncherevent9256 C:\Users\monke\Documents\GitHub\ReconHardware\PynqSoftware\dynamicMulti\dynamicMulti.xpr
# Log file: C:/Users/monke/Documents/GitHub/ReconHardware/PynqSoftware/dynamicMulti/vivado.log
# Journal file: C:/Users/monke/Documents/GitHub/ReconHardware/PynqSoftware/dynamicMulti\vivado.jou
#-----------------------------------------------------------
start_gui
open_project C:/Users/monke/Documents/GitHub/ReconHardware/PynqSoftware/dynamicMulti/dynamicMulti.xpr
update_compile_order -fileset sources_1
reset_run synth_1
launch_runs synth_1 -jobs 4
wait_on_run synth_1
open_run synth_1 -name synth_1 -pr_config [current_pr_configuration]
startgroup
set_property package_pin "" [get_ports [list  Rst]]
place_ports Clk U12
endgroup
place_ports Rst T14
save_constraints
reset_run ps_Wrap_ParallelBuffer_0_0_synth_1
launch_runs impl_1 child_0_impl_1 child_1_impl_1 child_2_impl_1 child_3_impl_1 -to_step write_bitstream -jobs 4
wait_on_run impl_1
wait_on_run child_0_impl_1
wait_on_run child_1_impl_1
wait_on_run child_2_impl_1
wait_on_run child_3_impl_1
close_design
open_hw_manager
connect_hw_server -allow_non_jtag
open_hw_target
set_property PROGRAM.FILE {C:/Users/monke/Documents/GitHub/ReconHardware/PynqSoftware/dynamicMulti/dynamicMulti.runs/child_3_impl_1/mCompute_fixedCompute_partial.bit} [get_hw_devices xc7z020_1]
current_hw_device [get_hw_devices xc7z020_1]
refresh_hw_device -update_hw_probes false [lindex [get_hw_devices xc7z020_1] 0]
set_property PROBES.FILE {} [get_hw_devices xc7z020_1]
set_property FULL_PROBES.FILE {} [get_hw_devices xc7z020_1]
set_property PROGRAM.FILE {C:/Users/monke/Documents/GitHub/ReconHardware/PynqSoftware/dynamicMulti/dynamicMulti.runs/child_0_impl_1/dynamicMulti.bit} [get_hw_devices xc7z020_1]
program_hw_devices [get_hw_devices xc7z020_1]
refresh_hw_device [lindex [get_hw_devices xc7z020_1] 0]
reset_run synth_1
launch_runs impl_1 child_0_impl_1 child_1_impl_1 child_2_impl_1 child_3_impl_1 -jobs 4
wait_on_run impl_1
wait_on_run child_0_impl_1
wait_on_run child_1_impl_1
wait_on_run child_2_impl_1
wait_on_run child_3_impl_1
launch_runs impl_1 child_0_impl_1 child_1_impl_1 child_2_impl_1 child_3_impl_1 -to_step write_bitstream -jobs 4
wait_on_run impl_1
wait_on_run child_0_impl_1
wait_on_run child_1_impl_1
wait_on_run child_2_impl_1
wait_on_run child_3_impl_1
set_property PROBES.FILE {} [get_hw_devices xc7z020_1]
set_property FULL_PROBES.FILE {} [get_hw_devices xc7z020_1]
set_property PROGRAM.FILE {C:/Users/monke/Documents/GitHub/ReconHardware/PynqSoftware/dynamicMulti/dynamicMulti.runs/child_0_impl_1/dynamicMulti.bit} [get_hw_devices xc7z020_1]
program_hw_devices [get_hw_devices xc7z020_1]
refresh_hw_device [lindex [get_hw_devices xc7z020_1] 0]
