00:54:03 **** Incremental Build of configuration Debug for project Conv_Accel_APP ****
make all 
make --no-print-directory pre-build
a9-linaro-pre-build-step
' '
make --no-print-directory main-build
'Building file: ../src/helloworld.c'
'Invoking: ARM v7 gcc compiler'
arm-none-eabi-gcc -Wall -O0 -g3 -c -fmessage-length=0 -MT"src/helloworld.o" -mcpu=cortex-a9 -mfpu=vfpv3 -mfloat-abi=hard -IC:/GitHub/ReconHardware/FPGA_Files/Software/Conv_Accel_HW/export/Conv_Accel_HW/sw/Conv_Accel_HW/standalone_domain/bspinclude/include -MMD -MP -MF"src/helloworld.d" -MT"src/helloworld.o" -o "src/helloworld.o" "../src/helloworld.c"
../src/helloworld.c: In function 'load_value':
../src/helloworld.c:202:22: warning: format '%d' expects argument of type 'int', but argument 2 has type 'u32' {aka 'long unsigned int'} [-Wformat=]
  printf("\nFULL_in: %d\r\n",XGpio_DiscreteRead(&GPIO_Arr[8], 1));
                     ~^      ~~~~~~~~~~~~~~~~~~~~~~~~~~~~~~~~~~~
                     %ld
../src/helloworld.c:203:21: warning: format '%d' expects argument of type 'int', but argument 2 has type 'u32' {aka 'long unsigned int'} [-Wformat=]
  printf("EMPTY_in: %d\r\n",XGpio_DiscreteRead(&GPIO_Arr[9], 1));
                    ~^      ~~~~~~~~~~~~~~~~~~~~~~~~~~~~~~~~~~~
                    %ld
../src/helloworld.c:204:20: warning: format '%d' expects argument of type 'int', but argument 2 has type 'u32' {aka 'long unsigned int'} [-Wformat=]
  printf("FULL_in: %d\r\n",XGpio_DiscreteRead(&GPIO_Arr[10], 1));
                   ~^      ~~~~~~~~~~~~~~~~~~~~~~~~~~~~~~~~~~~~
                   %ld
../src/helloworld.c:205:20: warning: format '%d' expects argument of type 'int', but argument 2 has type 'u32' {aka 'long unsigned int'} [-Wformat=]
  printf("FULL_in: %d\r\n",XGpio_DiscreteRead(&GPIO_Arr[11], 1));
                   ~^      ~~~~~~~~~~~~~~~~~~~~~~~~~~~~~~~~~~~~
                   %ld
'Finished building: ../src/helloworld.c'
' '
'Building target: Conv_Accel_APP.elf'
'Invoking: ARM v7 gcc linker'
arm-none-eabi-gcc -mcpu=cortex-a9 -mfpu=vfpv3 -mfloat-abi=hard -Wl,-build-id=none -specs=Xilinx.spec -Wl,-T -Wl,../src/lscript.ld -LC:/GitHub/ReconHardware/FPGA_Files/Software/Conv_Accel_HW/export/Conv_Accel_HW/sw/Conv_Accel_HW/standalone_domain/bsplib/lib -o "Conv_Accel_APP.elf"  ./src/helloworld.o ./src/platform.o   -Wl,--start-group,-lxil,-lgcc,-lc,--end-group
'Finished building target: Conv_Accel_APP.elf'
' '
'Invoking: ARM v7 Print Size'
arm-none-eabi-size Conv_Accel_APP.elf  |tee "Conv_Accel_APP.elf.size"
   text	   data	    bss	    dec	    hex	filename
  59836	   2776	  23520	  86132	  15074	Conv_Accel_APP.elf
'Finished building: Conv_Accel_APP.elf.size'
' '

00:54:03 Build Finished (took 613ms)

