15:06:49 **** Incremental Build of configuration Debug for project conv_accel_sw ****
make all 
make --no-print-directory pre-build
a9-linaro-pre-build-step
' '
make --no-print-directory main-build
'Building file: ../src/SD.c'
'Invoking: ARM v7 gcc compiler'
arm-none-eabi-gcc -Wall -O0 -g3 -c -fmessage-length=0 -MT"src/SD.o" -mcpu=cortex-a9 -mfpu=vfpv3 -mfloat-abi=hard -IC:/GitHub/ReconHardware/FPGA_Files/Projects/ConvolutionAccel_d/ConvolutionAccel_d.vitis/conv_accel_hw/export/conv_accel_hw/sw/conv_accel_hw/standalone_domain/bspinclude/include -MMD -MP -MF"src/SD.d" -MT"src/SD.o" -o "src/SD.o" "../src/SD.c"
'Finished building: ../src/SD.c'
' '
'Building target: conv_accel_sw.elf'
'Invoking: ARM v7 gcc linker'
arm-none-eabi-gcc -mcpu=cortex-a9 -mfpu=vfpv3 -mfloat-abi=hard -Wl,-build-id=none -specs=Xilinx.spec -Wl,-T -Wl,../src/lscript.ld -LC:/GitHub/ReconHardware/FPGA_Files/Projects/ConvolutionAccel_d/ConvolutionAccel_d.vitis/conv_accel_hw/export/conv_accel_hw/sw/conv_accel_hw/standalone_domain/bsplib/lib -o "conv_accel_sw.elf"  ./src/CPE_driver.o ./src/SD.o ./src/helloworld.o ./src/platform.o   -Wl,--start-group,-lxil,-lgcc,-lc,--end-group -Wl,--start-group,-lxilffs,-lxil,-lgcc,-lc,--end-group
'Finished building target: conv_accel_sw.elf'
' '
'Invoking: ARM v7 Print Size'
arm-none-eabi-size conv_accel_sw.elf  |tee "conv_accel_sw.elf.size"
   text	   data	    bss	    dec	    hex	filename
  74164	   4008	33574416	33652588	2017f6c	conv_accel_sw.elf
'Finished building: conv_accel_sw.elf.size'
' '

15:06:50 Build Finished (took 826ms)

