18:55:44 **** Incremental Build of configuration Debug for project conv_accel_sw ****
make all 
make --no-print-directory pre-build
a9-linaro-pre-build-step
' '
make --no-print-directory main-build
'Building file: ../src/CPE_driver.c'
'Invoking: ARM v7 gcc compiler'
arm-none-eabi-gcc -Wall -O0 -g3 -c -fmessage-length=0 -MT"src/CPE_driver.o" -mcpu=cortex-a9 -mfpu=vfpv3 -mfloat-abi=hard -IC:/GitHub/ReconHardware/FPGA_Files/Projects/ConvolutionAccel_d/ConvolutionAccel_d.vitis/conv_accel_hw/export/conv_accel_hw/sw/conv_accel_hw/standalone_domain/bspinclude/include -MMD -MP -MF"src/CPE_driver.d" -MT"src/CPE_driver.o" -o "src/CPE_driver.o" "../src/CPE_driver.c"
In file included from ../src/CPE_driver.c:8:
../src/CPE_driver.h:66:1: warning: useless storage class specifier in empty declaration
   66 | };
      | ^
../src/CPE_driver.c: In function 'fill_image':
../src/CPE_driver.c:52:15: warning: suggest parentheses around comparison in operand of '|' [-Wparentheses]
   52 |   if(next_char==','|next_char=='\n'){
      |      ~~~~~~~~~^~~~~
../src/CPE_driver.c: In function 'Process_Image':
../src/CPE_driver.c:96:6: warning: variable 'Value' set but not used [-Wunused-but-set-variable]
   96 |  u32 Value;
      |      ^~~~~
../src/CPE_driver.c:92:6: warning: unused variable 'Tries' [-Wunused-variable]
   92 |  int Tries = NUMBER_OF_TRANSFERS;
      |      ^~~~~
../src/CPE_driver.c: In function 'CC_comand_register':
../src/CPE_driver.c:238:1: warning: control reaches end of non-void function [-Wreturn-type]
  238 | }
      | ^
'Finished building: ../src/CPE_driver.c'
' '
'Building target: conv_accel_sw.elf'
'Invoking: ARM v7 gcc linker'
arm-none-eabi-gcc -mcpu=cortex-a9 -mfpu=vfpv3 -mfloat-abi=hard -Wl,-build-id=none -specs=Xilinx.spec -Wl,-T -Wl,../src/lscript.ld -LC:/GitHub/ReconHardware/FPGA_Files/Projects/ConvolutionAccel_d/ConvolutionAccel_d.vitis/conv_accel_hw/export/conv_accel_hw/sw/conv_accel_hw/standalone_domain/bsplib/lib -o "conv_accel_sw.elf"  ./src/CPE_driver.o ./src/SD.o ./src/helloworld.o ./src/platform.o   -Wl,--start-group,-lxil,-lgcc,-lc,--end-group -Wl,--start-group,-lxilffs,-lxil,-lgcc,-lc,--end-group
'Finished building target: conv_accel_sw.elf'
' '
'Invoking: ARM v7 Print Size'
arm-none-eabi-size conv_accel_sw.elf  |tee "conv_accel_sw.elf.size"
   text	   data	    bss	    dec	    hex	filename
  74680	   3360	33574416	33652456	2017ee8	conv_accel_sw.elf
'Finished building: conv_accel_sw.elf.size'
' '

18:55:44 Build Finished (took 559ms)

