Nothing to build in platform 'conv_accel_hw'

16:45:59 **** Incremental Build of configuration Debug for project conv_accel_sw ****
make all 
make --no-print-directory pre-build
a9-linaro-pre-build-step
' '
make --no-print-directory main-build
'Building file: ../src/helloworld.c'
'Invoking: ARM v7 gcc compiler'
arm-none-eabi-gcc -Wall -O0 -g3 -c -fmessage-length=0 -MT"src/helloworld.o" -mcpu=cortex-a9 -mfpu=vfpv3 -mfloat-abi=hard -IC:/GitHub/ReconHardware/FPGA_Files/Projects/ConvolutionAccel_d/ConvolutionAccel_d.vitis/conv_accel_hw/export/conv_accel_hw/sw/conv_accel_hw/standalone_domain/bspinclude/include -MMD -MP -MF"src/helloworld.d" -MT"src/helloworld.o" -o "src/helloworld.o" "../src/helloworld.c"
In file included from ../src/helloworld.c:13:
../src/CPE_driver.h:56:1: warning: useless storage class specifier in empty declaration
   56 | };
      | ^
../src/helloworld.c: In function 'main':
../src/helloworld.c:58:6: warning: unused variable 'prc_status_err' [-Wunused-variable]
   58 |  u32 prc_status_err;
      |      ^~~~~~~~~~~~~~
../src/helloworld.c:57:6: warning: unused variable 'prc_status_last_state' [-Wunused-variable]
   57 |  u32 prc_status_last_state;
      |      ^~~~~~~~~~~~~~~~~~~~~
../src/helloworld.c:56:6: warning: unused variable 'prc_status_state' [-Wunused-variable]
   56 |  u32 prc_status_state;
      |      ^~~~~~~~~~~~~~~~
../src/helloworld.c:55:6: warning: unused variable 'prc_status' [-Wunused-variable]
   55 |  u32 prc_status;
      |      ^~~~~~~~~~
../src/helloworld.c:54:6: warning: unused variable 'prc_init' [-Wunused-variable]
   54 |  u32 prc_init;
      |      ^~~~~~~~
../src/helloworld.c:53:6: warning: unused variable 'dcfg_init' [-Wunused-variable]
   53 |  u32 dcfg_init;
      |      ^~~~~~~~~
../src/helloworld.c:51:6: warning: unused variable 'gpio_init' [-Wunused-variable]
   51 |  u32 gpio_init;
      |      ^~~~~~~~~
../src/helloworld.c:50:6: warning: unused variable 'copy_status' [-Wunused-variable]
   50 |  u32 copy_status;
      |      ^~~~~~~~~~~
../src/helloworld.c:48:6: warning: unused variable 'Status' [-Wunused-variable]
   48 |  int Status;
      |      ^~~~~~
../src/helloworld.c: In function 'XDcfg_Initialize':
../src/helloworld.c:146:6: warning: unused variable 'CtrlReg' [-Wunused-variable]
  146 |  u32 CtrlReg;
      |      ^~~~~~~
../src/helloworld.c: At top level:
../src/helloworld.c:17:12: warning: 'CheckData' declared 'static' but never defined [-Wunused-function]
   17 | static int CheckData(u32 type);
      |            ^~~~~~~~~
../src/helloworld.c:144:15: warning: 'XDcfg_Initialize' defined but not used [-Wunused-function]
  144 | static XDcfg *XDcfg_Initialize(u16 DeviceId)
      |               ^~~~~~~~~~~~~~~~
'Finished building: ../src/helloworld.c'
' '
'Building target: conv_accel_sw.elf'
'Invoking: ARM v7 gcc linker'
arm-none-eabi-gcc -mcpu=cortex-a9 -mfpu=vfpv3 -mfloat-abi=hard -Wl,-build-id=none -specs=Xilinx.spec -Wl,-T -Wl,../src/lscript.ld -LC:/GitHub/ReconHardware/FPGA_Files/Projects/ConvolutionAccel_d/ConvolutionAccel_d.vitis/conv_accel_hw/export/conv_accel_hw/sw/conv_accel_hw/standalone_domain/bsplib/lib -o "conv_accel_sw.elf"  ./src/CPE_driver.o ./src/SD.o ./src/helloworld.o ./src/platform.o   -Wl,--start-group,-lxil,-lgcc,-lc,--end-group -Wl,--start-group,-lxilffs,-lxil,-lgcc,-lc,--end-group
'Finished building target: conv_accel_sw.elf'
' '
'Invoking: ARM v7 Print Size'
arm-none-eabi-size conv_accel_sw.elf  |tee "conv_accel_sw.elf.size"
   text	   data	    bss	    dec	    hex	filename
  73660	   3360	33574416	33651436	2017aec	conv_accel_sw.elf
'Finished building: conv_accel_sw.elf.size'
' '
16:46:00 **** Incremental Build of configuration Debug for project conv_accel_sw_system ****
make all 
Generating bif file for the system project
generate_system_bif.bat 50188 C:/GitHub/ReconHardware/FPGA_Files/Projects/ConvolutionAccel_d/ConvolutionAccel_d.vitis/conv_accel_hw/export/conv_accel_hw/conv_accel_hw.xpfm standalone_domain C:/GitHub/ReconHardware/FPGA_Files/Projects/ConvolutionAccel_d/ConvolutionAccel_d.vitis/conv_accel_sw_system/Debug/system.bif
sdcard_gen --xpfm C:/GitHub/ReconHardware/FPGA_Files/Projects/ConvolutionAccel_d/ConvolutionAccel_d.vitis/conv_accel_hw/export/conv_accel_hw/conv_accel_hw.xpfm --sys_config conv_accel_hw --bif C:/GitHub/ReconHardware/FPGA_Files/Projects/ConvolutionAccel_d/ConvolutionAccel_d.vitis/conv_accel_sw_system/Debug/system.bif --bitstream C:/GitHub/ReconHardware/FPGA_Files/Projects/ConvolutionAccel_d/ConvolutionAccel_d.vitis/conv_accel_sw/_ide/bitstream/CPE_Wrapper.bit --elf C:/GitHub/ReconHardware/FPGA_Files/Projects/ConvolutionAccel_d/ConvolutionAccel_d.vitis/conv_accel_sw/Debug/conv_accel_sw.elf,ps7_cortexa9_0
creating BOOT.BIN using C:/GitHub/ReconHardware/FPGA_Files/Projects/ConvolutionAccel_d/ConvolutionAccel_d.vitis/conv_accel_sw/_ide/bitstream/CPE_Wrapper.bit
Running C:/Xilinx/Vitis/2020.1/bin/bootgen  -image C:/GitHub/ReconHardware/FPGA_Files/Projects/ConvolutionAccel_d/ConvolutionAccel_d.vitis/conv_accel_sw_system/Debug/sd_card_temp/boot.bif -w -o i BOOT.BIN
