#-----------------------------------------------------------
# Vivado v2020.1 (64-bit)
# SW Build 2902540 on Wed May 27 19:54:49 MDT 2020
# IP Build 2902112 on Wed May 27 22:43:36 MDT 2020
# Start of session at: Fri Dec  4 13:39:31 2020
# Process ID: 20776
# Current directory: C:/GitHub/ReconHardware/FPGA_Files/Projects_Testing/PYNQ-HelloWorld-master/PYNQ-HelloWorld-master/boards/Pynq-Z2/resizer/resizer/resizer.runs/resizer_processing_system7_0_0_synth_1
# Command line: vivado.exe -log resizer_processing_system7_0_0.vds -product Vivado -mode batch -messageDb vivado.pb -notrace -source resizer_processing_system7_0_0.tcl
# Log file: C:/GitHub/ReconHardware/FPGA_Files/Projects_Testing/PYNQ-HelloWorld-master/PYNQ-HelloWorld-master/boards/Pynq-Z2/resizer/resizer/resizer.runs/resizer_processing_system7_0_0_synth_1/resizer_processing_system7_0_0.vds
# Journal file: C:/GitHub/ReconHardware/FPGA_Files/Projects_Testing/PYNQ-HelloWorld-master/PYNQ-HelloWorld-master/boards/Pynq-Z2/resizer/resizer/resizer.runs/resizer_processing_system7_0_0_synth_1\vivado.jou
#-----------------------------------------------------------
source resizer_processing_system7_0_0.tcl -notrace
