17:21:30 **** Incremental Build of configuration Debug for project AXI_Convolution_Engine_APP ****
make all 
make --no-print-directory pre-build
a9-linaro-pre-build-step
' '
make --no-print-directory main-build
'Building file: ../src/helloworld.c'
'Invoking: ARM v7 gcc compiler'
arm-none-eabi-gcc -Wall -O0 -g3 -c -fmessage-length=0 -MT"src/helloworld.o" -mcpu=cortex-a9 -mfpu=vfpv3 -mfloat-abi=hard -IC:/GitHub/ReconHardware/FPGA_Files/Software/AXI_Convolution_Engine/export/AXI_Convolution_Engine/sw/AXI_Convolution_Engine/standalone_domain/bspinclude/include -MMD -MP -MF"src/helloworld.d" -MT"src/helloworld.o" -o "src/helloworld.o" "../src/helloworld.c"
../src/helloworld.c:115:2: warning: #warning CHECK FOR THE VALID DDR ADDRESS IN XPARAMETERS.H, DEFAULT SET TO 0x01000000 [-Wcpp]
  115 | #warning CHECK FOR THE VALID DDR ADDRESS IN XPARAMETERS.H, \
      |  ^~~~~~~
'Finished building: ../src/helloworld.c'
' '
'Building target: AXI_Convolution_Engine_APP.elf'
'Invoking: ARM v7 gcc linker'
arm-none-eabi-gcc -mcpu=cortex-a9 -mfpu=vfpv3 -mfloat-abi=hard -Wl,-build-id=none -specs=Xilinx.spec -Wl,-T -Wl,../src/lscript.ld -LC:/GitHub/ReconHardware/FPGA_Files/Software/AXI_Convolution_Engine/export/AXI_Convolution_Engine/sw/AXI_Convolution_Engine/standalone_domain/bsplib/lib -o "AXI_Convolution_Engine_APP.elf"  ./src/helloworld.o ./src/platform.o   -Wl,--start-group,-lxil,-lgcc,-lc,--end-group
'Finished building target: AXI_Convolution_Engine_APP.elf'
' '
'Invoking: ARM v7 Print Size'
arm-none-eabi-size AXI_Convolution_Engine_APP.elf  |tee "AXI_Convolution_Engine_APP.elf.size"
   text	   data	    bss	    dec	    hex	filename
  36432	   2256	  24504	  63192	   f6d8	AXI_Convolution_Engine_APP.elf
'Finished building: AXI_Convolution_Engine_APP.elf.size'
' '

17:21:31 Build Finished (took 605ms)

