09:26:26 **** Incremental Build of configuration Debug for project Convolution_Accel_APP ****
make all 
make --no-print-directory pre-build
a9-linaro-pre-build-step
' '
make --no-print-directory main-build
'Building file: ../src/helloworld.c'
'Invoking: ARM v7 gcc compiler'
arm-none-eabi-gcc -Wall -O0 -g3 -c -fmessage-length=0 -MT"src/helloworld.o" -mcpu=cortex-a9 -mfpu=vfpv3 -mfloat-abi=hard -IC:/GitHub/ReconHardware/FPGA_Files/Software/Convolution_Accel_HW/export/Convolution_Accel_HW/sw/Convolution_Accel_HW/standalone_domain/bspinclude/include -MMD -MP -MF"src/helloworld.d" -MT"src/helloworld.o" -o "src/helloworld.o" "../src/helloworld.c"
'Finished building: ../src/helloworld.c'
' '
'Building target: Convolution_Accel_APP.elf'
'Invoking: ARM v7 gcc linker'
arm-none-eabi-gcc -mcpu=cortex-a9 -mfpu=vfpv3 -mfloat-abi=hard -Wl,-build-id=none -specs=Xilinx.spec -Wl,-T -Wl,../src/lscript.ld -LC:/GitHub/ReconHardware/FPGA_Files/Software/Convolution_Accel_HW/export/Convolution_Accel_HW/sw/Convolution_Accel_HW/standalone_domain/bsplib/lib -o "Convolution_Accel_APP.elf"  ./src/helloworld.o ./src/platform.o   -Wl,--start-group,-lxil,-lgcc,-lc,--end-group
'Finished building target: Convolution_Accel_APP.elf'
' '
'Invoking: ARM v7 Print Size'
arm-none-eabi-size Convolution_Accel_APP.elf  |tee "Convolution_Accel_APP.elf.size"
   text	   data	    bss	    dec	    hex	filename
  59520	   2696	  23440	  85656	  14e98	Convolution_Accel_APP.elf
'Finished building: Convolution_Accel_APP.elf.size'
' '

09:26:26 Build Finished (took 626ms)

