12:30:04 **** Incremental Build of configuration Debug for project int_conv_APP ****
make all 
make --no-print-directory pre-build
a9-linaro-pre-build-step
' '
make --no-print-directory main-build
'Building file: ../src/helloworld.c'
'Invoking: ARM v7 gcc compiler'
arm-none-eabi-gcc -Wall -O0 -g3 -c -fmessage-length=0 -MT"src/helloworld.o" -mcpu=cortex-a9 -mfpu=vfpv3 -mfloat-abi=hard -IC:/GitHub/ReconHardware/FPGA_Files/Software/int_conv_HW/export/int_conv_HW/sw/int_conv_HW/standalone_domain/bspinclude/include -MMD -MP -MF"src/helloworld.d" -MT"src/helloworld.o" -o "src/helloworld.o" "../src/helloworld.c"
../src/helloworld.c:226:1: warning: return type defaults to 'int' [-Wimplicit-int]
 read_buffer(){
 ^~~~~~~~~~~
../src/helloworld.c: In function 'print_value':
../src/helloworld.c:200:1: warning: control reaches end of non-void function [-Wreturn-type]
 }
 ^
../src/helloworld.c: In function 'read_buffer':
../src/helloworld.c:242:1: warning: control reaches end of non-void function [-Wreturn-type]
 }
 ^
'Finished building: ../src/helloworld.c'
' '
'Building target: int_conv_APP.elf'
'Invoking: ARM v7 gcc linker'
arm-none-eabi-gcc -mcpu=cortex-a9 -mfpu=vfpv3 -mfloat-abi=hard -Wl,-build-id=none -specs=Xilinx.spec -Wl,-T -Wl,../src/lscript.ld -LC:/GitHub/ReconHardware/FPGA_Files/Software/int_conv_HW/export/int_conv_HW/sw/int_conv_HW/standalone_domain/bsplib/lib -o "int_conv_APP.elf"  ./src/helloworld.o ./src/platform.o   -Wl,--start-group,-lxil,-lgcc,-lc,--end-group
'Finished building target: int_conv_APP.elf'
' '
'Invoking: ARM v7 Print Size'
arm-none-eabi-size int_conv_APP.elf  |tee "int_conv_APP.elf.size"
   text	   data	    bss	    dec	    hex	filename
  60192	   2776	  23520	  86488	  151d8	int_conv_APP.elf
'Finished building: int_conv_APP.elf.size'
' '

12:30:05 Build Finished (took 665ms)

