15:23:43 **** Incremental Build of configuration Debug for project sd_reading ****
make all 
make --no-print-directory pre-build
a9-linaro-pre-build-step
' '
make --no-print-directory main-build
'Building file: ../src/helloworld.c'
'Invoking: ARM v7 gcc compiler'
arm-none-eabi-gcc -Wall -O0 -g3 -c -fmessage-length=0 -MT"src/helloworld.o" -mcpu=cortex-a9 -mfpu=vfpv3 -mfloat-abi=hard -IC:/GitHub/ReconHardware/FPGA_Files/Software/pr_led/export/pr_led/sw/pr_led/standalone_domain/bspinclude/include -MMD -MP -MF"src/helloworld.d" -MT"src/helloworld.o" -o "src/helloworld.o" "../src/helloworld.c"
../src/helloworld.c: In function 'main':
../src/helloworld.c:79:5: warning: implicit declaration of function 'init_gpio' [-Wimplicit-function-declaration]
   79 |     init_gpio(10000000);
      |     ^~~~~~~~~
../src/helloworld.c:95:15: warning: suggest parentheses around comparison in operand of '&' [-Wparentheses]
   95 |     while(Res != FR_OK & mount_tries<max_tries){
      |           ~~~~^~~~~~~~
../src/helloworld.c:108:5: warning: implicit declaration of function 'print_size' [-Wimplicit-function-declaration]
  108 |     print_size(&fil,SD_File);
      |     ^~~~~~~~~~
../src/helloworld.c:89:10: warning: unused variable 'NumBytesRead' [-Wunused-variable]
   89 |     UINT NumBytesRead;
      |          ^~~~~~~~~~~~
../src/helloworld.c:88:13: warning: unused variable 'fno' [-Wunused-variable]
   88 |     FILINFO fno;
      |             ^~~
../src/helloworld.c:87:9: warning: unused variable 'dir' [-Wunused-variable]
   87 |     DIR dir;
      |         ^~~
../src/helloworld.c:80:10: warning: unused variable 'buff' [-Wunused-variable]
   80 |     char buff[256];
      |          ^~~~
../src/helloworld.c: In function 'print_size':
../src/helloworld.c:178:1: warning: control reaches end of non-void function [-Wreturn-type]
  178 | }
      | ^
'Finished building: ../src/helloworld.c'
' '
'Building target: sd_reading.elf'
'Invoking: ARM v7 gcc linker'
arm-none-eabi-gcc -mcpu=cortex-a9 -mfpu=vfpv3 -mfloat-abi=hard -Wl,-build-id=none -specs=Xilinx.spec -Wl,-T -Wl,../src/lscript.ld -LC:/GitHub/ReconHardware/FPGA_Files/Software/pr_led/export/pr_led/sw/pr_led/standalone_domain/bsplib/lib -o "sd_reading.elf"  ./src/dfx_loading.o ./src/helloworld.o ./src/platform.o   -Wl,--start-group,-lxil,-lgcc,-lc,--end-group -Wl,--start-group,-lxilffs,-lxil,-lgcc,-lc,--end-group
'Finished building target: sd_reading.elf'
' '
'Invoking: ARM v7 Print Size'
arm-none-eabi-size sd_reading.elf  |tee "sd_reading.elf.size"
   text	   data	    bss	    dec	    hex	filename
  53884	   1200	  45488	 100572	  188dc	sd_reading.elf
'Finished building: sd_reading.elf.size'
' '

15:23:43 Build Finished (took 619ms)

