17:47:06 **** Incremental Build of configuration Debug for project simple_axis_dma_sw ****
make all 
make --no-print-directory pre-build
a9-linaro-pre-build-step
' '
make --no-print-directory main-build
'Building file: ../src/helloworld.c'
'Invoking: ARM v7 gcc compiler'
arm-none-eabi-gcc -Wall -O0 -g3 -c -fmessage-length=0 -MT"src/helloworld.o" -mcpu=cortex-a9 -mfpu=vfpv3 -mfloat-abi=hard -IC:/GitHub/ReconHardware/FPGA_Files/Software/simple_axis_dma_hw/export/simple_axis_dma_hw/sw/simple_axis_dma_hw/standalone_domain/bspinclude/include -MMD -MP -MF"src/helloworld.d" -MT"src/helloworld.o" -o "src/helloworld.o" "../src/helloworld.c"
../src/helloworld.c: In function 'XAxiDma_SimplePollExample':
../src/helloworld.c:98:3: warning: 'val' may be used uninitialized in this function [-Wmaybe-uninitialized]
   98 |   xil_printf("val = %d\r\n",val);
      |   ^~~~~~~~~~~~~~~~~~~~~~~~~~~~~~
'Finished building: ../src/helloworld.c'
' '
'Building target: simple_axis_dma_sw.elf'
'Invoking: ARM v7 gcc linker'
arm-none-eabi-gcc -mcpu=cortex-a9 -mfpu=vfpv3 -mfloat-abi=hard -Wl,-build-id=none -specs=Xilinx.spec -Wl,-T -Wl,../src/lscript.ld -LC:/GitHub/ReconHardware/FPGA_Files/Software/simple_axis_dma_hw/export/simple_axis_dma_hw/sw/simple_axis_dma_hw/standalone_domain/bsplib/lib -o "simple_axis_dma_sw.elf"  ./src/helloworld.o ./src/platform.o   -Wl,--start-group,-lxil,-lgcc,-lc,--end-group
'Finished building target: simple_axis_dma_sw.elf'
' '
'Invoking: ARM v7 Print Size'
arm-none-eabi-size simple_axis_dma_sw.elf  |tee "simple_axis_dma_sw.elf.size"
   text	   data	    bss	    dec	    hex	filename
  33964	   2248	  24504	  60716	   ed2c	simple_axis_dma_sw.elf
'Finished building: simple_axis_dma_sw.elf.size'
' '

17:47:07 Build Finished (took 617ms)

