17:49:14 **** Build of configuration Debug for project xaxidma_example_selftest_1 ****
make all 
make --no-print-directory pre-build
a9-linaro-pre-build-step
' '
make --no-print-directory main-build
'Building file: ../src/xaxidma_example_selftest.c'
'Invoking: ARM v7 gcc compiler'
arm-none-eabi-gcc -Wall -O0 -g3 -c -fmessage-length=0 -MT"src/xaxidma_example_selftest.o" -mcpu=cortex-a9 -mfpu=vfpv3 -mfloat-abi=hard -IC:/GitHub/ReconHardware/FPGA_Files/Software/pr_led/export/pr_led/sw/pr_led/standalone_domain/bspinclude/include -MMD -MP -MF"src/xaxidma_example_selftest.d" -MT"src/xaxidma_example_selftest.o" -o "src/xaxidma_example_selftest.o" "../src/xaxidma_example_selftest.c"
'Finished building: ../src/xaxidma_example_selftest.c'
' '
'Building target: xaxidma_example_selftest_1.elf'
'Invoking: ARM v7 gcc linker'
arm-none-eabi-gcc -mcpu=cortex-a9 -mfpu=vfpv3 -mfloat-abi=hard -Wl,-build-id=none -specs=Xilinx.spec -Wl,-T -Wl,../src/lscript.ld -LC:/GitHub/ReconHardware/FPGA_Files/Software/pr_led/export/pr_led/sw/pr_led/standalone_domain/bsplib/lib -o "xaxidma_example_selftest_1.elf"  ./src/xaxidma_example_selftest.o   -Wl,--start-group,-lxil,-lgcc,-lc,--end-group -Wl,--start-group,-lxilffs,-lxil,-lgcc,-lc,--end-group
'Finished building target: xaxidma_example_selftest_1.elf'
' '
'Invoking: ARM v7 Print Size'
arm-none-eabi-size xaxidma_example_selftest_1.elf  |tee "xaxidma_example_selftest_1.elf.size"
   text	   data	    bss	    dec	    hex	filename
  32628	   2256	  24520	  59404	   e80c	xaxidma_example_selftest_1.elf
'Finished building: xaxidma_example_selftest_1.elf.size'
' '

17:49:15 Build Finished (took 611ms)

