10:37:19 **** Build of configuration Debug for project xprc_selftest_example_1 ****
make all 
make --no-print-directory pre-build
a9-linaro-pre-build-step
' '
make --no-print-directory main-build
'Building file: ../src/xprc_selftest_example.c'
'Invoking: ARM v7 gcc compiler'
arm-none-eabi-gcc -Wall -O0 -g3 -c -fmessage-length=0 -MT"src/xprc_selftest_example.o" -mcpu=cortex-a9 -mfpu=vfpv3 -mfloat-abi=hard -IC:/GitHub/ReconHardware/FPGA_Files/Software/pr_led/export/pr_led/sw/pr_led/standalone_domain/bspinclude/include -MMD -MP -MF"src/xprc_selftest_example.d" -MT"src/xprc_selftest_example.o" -o "src/xprc_selftest_example.o" "../src/xprc_selftest_example.c"
'Finished building: ../src/xprc_selftest_example.c'
' '
'Building target: xprc_selftest_example_1.elf'
'Invoking: ARM v7 gcc linker'
arm-none-eabi-gcc -mcpu=cortex-a9 -mfpu=vfpv3 -mfloat-abi=hard -Wl,-build-id=none -specs=Xilinx.spec -Wl,-T -Wl,../src/lscript.ld -LC:/GitHub/ReconHardware/FPGA_Files/Software/pr_led/export/pr_led/sw/pr_led/standalone_domain/bsplib/lib -o "xprc_selftest_example_1.elf"  ./src/xprc_selftest_example.o   -Wl,--start-group,-lxil,-lgcc,-lc,--end-group -Wl,--start-group,-lxilffs,-lxil,-lgcc,-lc,--end-group
'Finished building target: xprc_selftest_example_1.elf'
' '
'Invoking: ARM v7 Print Size'
arm-none-eabi-size xprc_selftest_example_1.elf  |tee "xprc_selftest_example_1.elf.size"
   text	   data	    bss	    dec	    hex	filename
  27480	   1792	  23224	  52496	   cd10	xprc_selftest_example_1.elf
'Finished building: xprc_selftest_example_1.elf.size'
' '

10:37:19 Build Finished (took 548ms)

